---
source: src/tests/mod.rs
expression: checked_program
input_file: src/tests/source_files/operators.lv
---
CheckedProgram {
    exprs: [
        CheckedExpression {
            type_id: 1,
            data: Prefix {
                operator: LogicalNot,
                expression: CheckedExpression {
                    type_id: 1,
                    data: BoolLiteral(
                        true,
                    ),
                },
            },
        },
        CheckedExpression {
            type_id: 0,
            data: Infix {
                left: CheckedExpression {
                    type_id: 0,
                    data: Block(
                        [
                            CheckedExpression {
                                type_id: 0,
                                data: Infix {
                                    left: CheckedExpression {
                                        type_id: 0,
                                        data: IntLiteral(
                                            3,
                                        ),
                                    },
                                    operator: Minus,
                                    right: CheckedExpression {
                                        type_id: 0,
                                        data: IntLiteral(
                                            4,
                                        ),
                                    },
                                },
                            },
                        ],
                    ),
                },
                operator: Multiply,
                right: CheckedExpression {
                    type_id: 0,
                    data: IntLiteral(
                        2,
                    ),
                },
            },
        },
        CheckedExpression {
            type_id: 0,
            data: Infix {
                left: CheckedExpression {
                    type_id: 0,
                    data: Infix {
                        left: CheckedExpression {
                            type_id: 0,
                            data: Block(
                                [
                                    CheckedExpression {
                                        type_id: 0,
                                        data: Block(
                                            [
                                                CheckedExpression {
                                                    type_id: 0,
                                                    data: IntLiteral(
                                                        3,
                                                    ),
                                                },
                                            ],
                                        ),
                                    },
                                ],
                            ),
                        },
                        operator: Divide,
                        right: CheckedExpression {
                            type_id: 0,
                            data: IntLiteral(
                                7,
                            ),
                        },
                    },
                },
                operator: Minus,
                right: CheckedExpression {
                    type_id: 0,
                    data: IntLiteral(
                        22,
                    ),
                },
            },
        },
    ],
}
