---
source: src/tests/mod.rs
expression: ast
input_file: src/tests/source_files/operators.lv
---
Program(
    [
        Expression {
            span: Span {
                start: 16,
                end: 21,
            },
            kind: Prefix {
                operator: LogicalNot,
                expression: Expression {
                    span: Span {
                        start: 17,
                        end: 21,
                    },
                    kind: BoolLiteral(
                        true,
                    ),
                },
            },
        },
        Expression {
            span: Span {
                start: 38,
                end: 49,
            },
            kind: Infix {
                left: Expression {
                    span: Span {
                        start: 38,
                        end: 45,
                    },
                    kind: Block(
                        [
                            Expression {
                                span: Span {
                                    start: 39,
                                    end: 44,
                                },
                                kind: Infix {
                                    left: Expression {
                                        span: Span {
                                            start: 39,
                                            end: 40,
                                        },
                                        kind: IntLiteral(
                                            3,
                                        ),
                                    },
                                    operator: Minus,
                                    right: Expression {
                                        span: Span {
                                            start: 43,
                                            end: 44,
                                        },
                                        kind: IntLiteral(
                                            4,
                                        ),
                                    },
                                },
                            },
                        ],
                    ),
                },
                operator: Multiply,
                right: Expression {
                    span: Span {
                        start: 48,
                        end: 49,
                    },
                    kind: IntLiteral(
                        2,
                    ),
                },
            },
        },
        Expression {
            span: Span {
                start: 51,
                end: 65,
            },
            kind: Infix {
                left: Expression {
                    span: Span {
                        start: 51,
                        end: 60,
                    },
                    kind: Infix {
                        left: Expression {
                            span: Span {
                                start: 51,
                                end: 56,
                            },
                            kind: Block(
                                [
                                    Expression {
                                        span: Span {
                                            start: 52,
                                            end: 55,
                                        },
                                        kind: Block(
                                            [
                                                Expression {
                                                    span: Span {
                                                        start: 53,
                                                        end: 54,
                                                    },
                                                    kind: IntLiteral(
                                                        3,
                                                    ),
                                                },
                                            ],
                                        ),
                                    },
                                ],
                            ),
                        },
                        operator: Divide,
                        right: Expression {
                            span: Span {
                                start: 59,
                                end: 60,
                            },
                            kind: IntLiteral(
                                7,
                            ),
                        },
                    },
                },
                operator: Minus,
                right: Expression {
                    span: Span {
                        start: 63,
                        end: 65,
                    },
                    kind: IntLiteral(
                        22,
                    ),
                },
            },
        },
        Expression {
            span: Span {
                start: 67,
                end: 72,
            },
            kind: Infix {
                left: Expression {
                    span: Span {
                        start: 67,
                        end: 68,
                    },
                    kind: IntLiteral(
                        3,
                    ),
                },
                operator: LessThan,
                right: Expression {
                    span: Span {
                        start: 71,
                        end: 72,
                    },
                    kind: IntLiteral(
                        5,
                    ),
                },
            },
        },
        Expression {
            span: Span {
                start: 73,
                end: 78,
            },
            kind: Infix {
                left: Expression {
                    span: Span {
                        start: 73,
                        end: 74,
                    },
                    kind: IntLiteral(
                        6,
                    ),
                },
                operator: GreaterThan,
                right: Expression {
                    span: Span {
                        start: 77,
                        end: 78,
                    },
                    kind: IntLiteral(
                        2,
                    ),
                },
            },
        },
        Expression {
            span: Span {
                start: 79,
                end: 85,
            },
            kind: Infix {
                left: Expression {
                    span: Span {
                        start: 79,
                        end: 80,
                    },
                    kind: IntLiteral(
                        3,
                    ),
                },
                operator: LessThanOrEqual,
                right: Expression {
                    span: Span {
                        start: 84,
                        end: 85,
                    },
                    kind: IntLiteral(
                        5,
                    ),
                },
            },
        },
        Expression {
            span: Span {
                start: 86,
                end: 92,
            },
            kind: Infix {
                left: Expression {
                    span: Span {
                        start: 86,
                        end: 87,
                    },
                    kind: IntLiteral(
                        6,
                    ),
                },
                operator: GreaterThanOrEqual,
                right: Expression {
                    span: Span {
                        start: 91,
                        end: 92,
                    },
                    kind: IntLiteral(
                        2,
                    ),
                },
            },
        },
        Expression {
            span: Span {
                start: 94,
                end: 100,
            },
            kind: Infix {
                left: Expression {
                    span: Span {
                        start: 94,
                        end: 95,
                    },
                    kind: IntLiteral(
                        3,
                    ),
                },
                operator: Equal,
                right: Expression {
                    span: Span {
                        start: 99,
                        end: 100,
                    },
                    kind: IntLiteral(
                        5,
                    ),
                },
            },
        },
        Expression {
            span: Span {
                start: 101,
                end: 107,
            },
            kind: Infix {
                left: Expression {
                    span: Span {
                        start: 101,
                        end: 102,
                    },
                    kind: IntLiteral(
                        3,
                    ),
                },
                operator: NotEqual,
                right: Expression {
                    span: Span {
                        start: 106,
                        end: 107,
                    },
                    kind: IntLiteral(
                        5,
                    ),
                },
            },
        },
    ],
)
