---
source: src/tests/mod.rs
expression: checked_program
input_file: src/tests/source_files/functions.lv
---
CheckedProgram {
    exprs: [
        CheckedExpression {
            type_id: 2,
            data: VariableDecl {
                name: "add",
                value: CheckedExpression {
                    type_id: 3,
                    data: Function {
                        parameters: [
                            UnlabeledAtCallsite {
                                modifier: Read,
                                name: "x",
                                type_id: 0,
                            },
                            LabeledAtCallsite {
                                modifier: Read,
                                internal_name: "y",
                                external_name: Some(
                                    "to",
                                ),
                                type_id: 0,
                            },
                        ],
                        return_type: 0,
                        body: CheckedExpression {
                            type_id: 0,
                            data: Infix {
                                left: CheckedExpression {
                                    type_id: 0,
                                    data: Ident {
                                        name: "x",
                                        variable_id: 0,
                                    },
                                },
                                operator: Plus,
                                right: CheckedExpression {
                                    type_id: 0,
                                    data: Ident {
                                        name: "y",
                                        variable_id: 1,
                                    },
                                },
                            },
                        },
                    },
                },
                mutable: false,
                variable_id: 2,
            },
        },
        CheckedExpression {
            type_id: 3,
            data: Ident {
                name: "add",
                variable_id: 2,
            },
        },
    ],
}
